[
    {
        "name": "New Year's day",
        "date": "2024-01-01"
    },
    {
        "name": "Lunar New Year's Eve",
        "date": "2024-02-09"
    },
    {
        "name": "Lunar New Year Day 1",
        "date": "2024-02-10"
    },
    {
        "name": "Lunar New Year Day 2",
        "date": "2024-02-11"
    },
    {
        "name": "Lunar New Year Day 3",
        "date": "2024-02-12"
    },
    {
        "name": "Lunar New Year Day 4",
        "date": "2024-02-13"
    },
    {
        "name": "Hung Kings' Festival",
        "date": "2024-04-18"
    },
    {
        "name": "Reunification Day",
        "date": "2024-04-30"
    },
    {
        "name": "Labour Day",
        "date": "2024-05-01"
    },
    {
        "name": "Independence Day",
        "date": "2024-09-02"
    }
]